plugin_register commands/term_similar
[[0,0.0,0.0],true]
table_create Memos TABLE_NO_KEY
[[0,0.0,0.0],true]
column_create Memos content COLUMN_SCALAR ShortText
[[0,0.0,0.0],true]
table_create Terms TABLE_PAT_KEY ShortText   --default_tokenizer TokenBigram   --normalizer NormalizerAuto   --token_filters TokenFilterTypo
[[0,0.0,0.0],true]
column_create Terms memos_content COLUMN_INDEX|WITH_POSITION Memos content
[[0,0.0,0.0],true]
load --table Memos
[
{"content": "Groonga is fastest database"}
]
[[0,0.0,0.0],1]
table_tokenize Terms "Databasw" --mode GET
[[0,0.0,0.0],[{"value":"database","position":0,"force_prefix":false}]]
select Memos --match_columns content --query "databasw"
[
  [
    0,
    0.0,
    0.0
  ],
  [
    [
      [
        1
      ],
      [
        [
          "_id",
          "UInt32"
        ],
        [
          "content",
          "ShortText"
        ]
      ],
      [
        1,
        "Groonga is fastest database"
      ]
    ]
  ]
]
